Govps API Response: WC_Subscription Object
(
    [id:protected] => 2061
    [data:protected] => Array
        (
            [parent_id] => 2060
            [status] => active
            [currency] => NGN
            [version] => 9.3.3
            [prices_include_tax] => 
            [date_created] => WC_DateTime Object
                (
                    [utc_offset:protected] => 0
                    [date] => 2024-12-12 09:53:52.000000
                    [timezone_type] => 1
                    [timezone] => +00:00
                )

            [date_modified] => WC_DateTime Object
                (
                    [utc_offset:protected] => 0
                    [date] => 2024-12-12 09:54:16.000000
                    [timezone_type] => 1
                    [timezone] => +00:00
                )

            [discount_total] => 0
            [discount_tax] => 0
            [shipping_total] => 0
            [shipping_tax] => 0
            [cart_tax] => 0
            [total] => 60.00
            [total_tax] => 0
            [customer_id] => 1
            [order_key] => wc_order_Vw4NLdrXNaaqW
            [billing] => Array
                (
                    [first_name] => test
                    [last_name] => user
                    [company] => 
                    [address_1] => app tester
                    [address_2] => 
                    [city] => Oakland
                    [state] => CA
                    [postcode] => 10232
                    [country] => US
                    [email] => daniedemola+startbutton@gmail.com
                    [phone] => 07034354532
                )

            [shipping] => Array
                (
                    [first_name] => test
                    [last_name] => user
                    [company] => 
                    [address_1] => app tester
                    [address_2] => 
                    [city] => Oakland
                    [state] => CA
                    [postcode] => 10232
                    [country] => US
                    [phone] => 
                )

            [payment_method] => paystack
            [payment_method_title] => Debit/Credit Cards
            [transaction_id] => 
            [customer_ip_address] => ::1
            [customer_user_agent] => Mozilla/5.0 (Macintosh; Intel Mac OS X 10_15_7) AppleWebKit/605.1.15 (KHTML, like Gecko) Version/18.1.1 Safari/605.1.15
            [created_via] => checkout
            [customer_note] => 
            [date_completed] => 
            [date_paid] => 
            [cart_hash] => 
            [order_stock_reduced] => 
            [download_permissions_granted] => 1
            [new_order_email_sent] => 
            [recorded_sales] => 
            [recorded_coupon_usage_counts] => 
            [billing_period] => month
            [billing_interval] => 1
            [suspension_count] => 0
            [requires_manual_renewal] => 
            [cancelled_email_sent] => 
            [trial_period] => 
            [schedule_trial_end] => 
            [schedule_next_payment] => WC_DateTime Object
                (
                    [utc_offset:protected] => 0
                    [date] => 2025-01-12 09:53:52.000000
                    [timezone_type] => 1
                    [timezone] => +00:00
                )

            [schedule_cancelled] => 
            [schedule_end] => WC_DateTime Object
                (
                    [utc_offset:protected] => 0
                    [date] => 2025-06-12 09:53:52.000000
                    [timezone_type] => 1
                    [timezone] => +00:00
                )

            [schedule_payment_retry] => 
            [schedule_start] => WC_DateTime Object
                (
                    [utc_offset:protected] => 0
                    [date] => 2024-12-12 09:53:52.000000
                    [timezone_type] => 1
                    [timezone] => +00:00
                )

            [switch_data] => Array
                (
                )

        )

    [changes:protected] => Array
        (
        )

    [object_read:protected] => 1
    [object_type:protected] => subscription
    [extra_data:protected] => Array
        (
            [billing_period] => 
            [billing_interval] => 1
            [suspension_count] => 0
            [requires_manual_renewal] => 1
            [cancelled_email_sent] => 
            [trial_period] => 
            [schedule_trial_end] => 
            [schedule_next_payment] => 
            [schedule_cancelled] => 
            [schedule_end] => 
            [schedule_payment_retry] => 
            [schedule_start] => 
            [switch_data] => Array
                (
                )

        )

    [default_data:protected] => Array
        (
            [parent_id] => 0
            [status] => 
            [currency] => 
            [version] => 
            [prices_include_tax] => 
            [date_created] => 
            [date_modified] => 
            [discount_total] => 0
            [discount_tax] => 0
            [shipping_total] => 0
            [shipping_tax] => 0
            [cart_tax] => 0
            [total] => 0
            [total_tax] => 0
            [customer_id] => 0
            [order_key] => 
            [billing] => Array
                (
                    [first_name] => 
                    [last_name] => 
                    [company] => 
                    [address_1] => 
                    [address_2] => 
                    [city] => 
                    [state] => 
                    [postcode] => 
                    [country] => 
                    [email] => 
                    [phone] => 
                )

            [shipping] => Array
                (
                    [first_name] => 
                    [last_name] => 
                    [company] => 
                    [address_1] => 
                    [address_2] => 
                    [city] => 
                    [state] => 
                    [postcode] => 
                    [country] => 
                    [phone] => 
                )

            [payment_method] => 
            [payment_method_title] => 
            [transaction_id] => 
            [customer_ip_address] => 
            [customer_user_agent] => 
            [created_via] => 
            [customer_note] => 
            [date_completed] => 
            [date_paid] => 
            [cart_hash] => 
            [order_stock_reduced] => 
            [download_permissions_granted] => 
            [new_order_email_sent] => 
            [recorded_sales] => 
            [recorded_coupon_usage_counts] => 
            [billing_period] => 
            [billing_interval] => 1
            [suspension_count] => 0
            [requires_manual_renewal] => 1
            [cancelled_email_sent] => 
            [trial_period] => 
            [schedule_trial_end] => 
            [schedule_next_payment] => 
            [schedule_cancelled] => 
            [schedule_end] => 
            [schedule_payment_retry] => 
            [schedule_start] => 
            [switch_data] => Array
                (
                )

        )

    [data_store:protected] => WC_Data_Store Object
        (
            [instance:WC_Data_Store:private] => WCS_Orders_Table_Subscription_Data_Store Object
                (
                    [meta_type:protected] => post
                    [object_id_field_for_meta:protected] => 
                    [internal_meta_keys:protected] => Array
                        (
                            [0] => _parent_id
                            [1] => _status
                            [2] => _currency
                            [3] => _version
                            [4] => _prices_include_tax
                            [5] => _date_created
                            [6] => _date_modified
                            [7] => _discount_total
                            [8] => _discount_tax
                            [9] => _shipping_total
                            [10] => _shipping_tax
                            [11] => _cart_tax
                            [12] => _total
                            [13] => _total_tax
                            [14] => _customer_id
                            [15] => _order_key
                            [16] => _billing
                            [17] => _shipping
                            [18] => _payment_method
                            [19] => _payment_method_title
                            [20] => _transaction_id
                            [21] => _customer_ip_address
                            [22] => _customer_user_agent
                            [23] => _created_via
                            [24] => _customer_note
                            [25] => _date_completed
                            [26] => _date_paid
                            [27] => _cart_hash
                            [28] => _order_stock_reduced
                            [29] => _download_permissions_granted
                            [30] => _new_order_email_sent
                            [31] => _recorded_sales
                            [32] => _recorded_coupon_usage_counts
                            [33] => _billing_period
                            [34] => _billing_interval
                            [35] => _suspension_count
                            [36] => _requires_manual_renewal
                            [37] => _cancelled_email_sent
                            [38] => _trial_period
                            [39] => _schedule_trial_end
                            [40] => _schedule_next_payment
                            [41] => _schedule_cancelled
                            [42] => _schedule_end
                            [43] => _schedule_payment_retry
                            [44] => _schedule_start
                            [45] => _switch_data
                            [92] => _customer_user
                            [93] => _order_currency
                            [94] => _billing_first_name
                            [95] => _billing_last_name
                            [96] => _billing_company
                            [97] => _billing_address_1
                            [98] => _billing_address_2
                            [99] => _billing_city
                            [100] => _billing_state
                            [101] => _billing_postcode
                            [102] => _billing_country
                            [103] => _billing_email
                            [104] => _billing_phone
                            [105] => _shipping_first_name
                            [106] => _shipping_last_name
                            [107] => _shipping_company
                            [108] => _shipping_address_1
                            [109] => _shipping_address_2
                            [110] => _shipping_city
                            [111] => _shipping_state
                            [112] => _shipping_postcode
                            [113] => _shipping_country
                            [114] => _shipping_phone
                            [115] => _completed_date
                            [116] => _paid_date
                            [117] => _edit_last
                            [118] => _cart_discount
                            [119] => _cart_discount_tax
                            [120] => _order_shipping
                            [121] => _order_shipping_tax
                            [122] => _order_tax
                            [123] => _order_total
                            [124] => _order_version
                            [125] => _payment_tokens
                            [126] => _billing_address_index
                            [127] => _shipping_address_index
                            [128] => _subscription_switch_data
                        )

                    [must_exist_meta_keys:protected] => Array
                        (
                        )

                    [internal_data_store_key_getters:protected] => Array
                        (
                        )

                    [ephemeral_meta_keys:protected] => Array
                        (
                            [0] => _edit_lock
                        )

                    [data_store_meta:protected] => Automattic\WooCommerce\Internal\DataStores\Orders\OrdersTableDataStoreMeta Object
                        (
                        )

                    [database_util:protected] => Automattic\WooCommerce\Internal\Utilities\DatabaseUtil Object
                        (
                        )

                    [cpt_data_store:Automattic\WooCommerce\Internal\DataStores\Orders\OrdersTableDataStore:private] => 
                    [error_logger:Automattic\WooCommerce\Internal\DataStores\Orders\OrdersTableDataStore:private] => WC_Logger Object
                        (
                            [handlers:protected] => 
                            [threshold:protected] => 
                        )

                    [orders_table_name:Automattic\WooCommerce\Internal\DataStores\Orders\OrdersTableDataStore:private] => wp_wc_orders
                    [legacy_proxy:Automattic\WooCommerce\Internal\DataStores\Orders\OrdersTableDataStore:private] => Automattic\WooCommerce\Proxies\LegacyProxy Object
                        (
                        )

                    [order_column_mapping:protected] => Array
                        (
                            [id] => Array
                                (
                                    [type] => int
                                    [name] => id
                                )

                            [status] => Array
                                (
                                    [type] => string
                                    [name] => status
                                )

                            [type] => Array
                                (
                                    [type] => string
                                    [name] => type
                                )

                            [currency] => Array
                                (
                                    [type] => string
                                    [name] => currency
                                )

                            [tax_amount] => Array
                                (
                                    [type] => decimal
                                    [name] => cart_tax
                                )

                            [total_amount] => Array
                                (
                                    [type] => decimal
                                    [name] => total
                                )

                            [customer_id] => Array
                                (
                                    [type] => int
                                    [name] => customer_id
                                )

                            [billing_email] => Array
                                (
                                    [type] => string
                                    [name] => billing_email
                                )

                            [date_created_gmt] => Array
                                (
                                    [type] => date
                                    [name] => date_created
                                )

                            [date_updated_gmt] => Array
                                (
                                    [type] => date
                                    [name] => date_modified
                                )

                            [parent_order_id] => Array
                                (
                                    [type] => int
                                    [name] => parent_id
                                )

                            [payment_method] => Array
                                (
                                    [type] => string
                                    [name] => payment_method
                                )

                            [payment_method_title] => Array
                                (
                                    [type] => string
                                    [name] => payment_method_title
                                )

                            [ip_address] => Array
                                (
                                    [type] => string
                                    [name] => customer_ip_address
                                )

                            [user_agent] => Array
                                (
                                    [type] => string
                                    [name] => customer_user_agent
                                )

                            [customer_note] => Array
                                (
                                    [type] => string
                                    [name] => customer_note
                                )

                        )

                    [billing_address_column_mapping:protected] => Array
                        (
                            [id] => Array
                                (
                                    [type] => int
                                )

                            [order_id] => Array
                                (
                                    [type] => int
                                )

                            [address_type] => Array
                                (
                                    [type] => string
                                )

                            [first_name] => Array
                                (
                                    [type] => string
                                    [name] => billing_first_name
                                )

                            [last_name] => Array
                                (
                                    [type] => string
                                    [name] => billing_last_name
                                )

                            [company] => Array
                                (
                                    [type] => string
                                    [name] => billing_company
                                )

                            [address_1] => Array
                                (
                                    [type] => string
                                    [name] => billing_address_1
                                )

                            [address_2] => Array
                                (
                                    [type] => string
                                    [name] => billing_address_2
                                )

                            [city] => Array
                                (
                                    [type] => string
                                    [name] => billing_city
                                )

                            [state] => Array
                                (
                                    [type] => string
                                    [name] => billing_state
                                )

                            [postcode] => Array
                                (
                                    [type] => string
                                    [name] => billing_postcode
                                )

                            [country] => Array
                                (
                                    [type] => string
                                    [name] => billing_country
                                )

                            [email] => Array
                                (
                                    [type] => string
                                    [name] => billing_email
                                )

                            [phone] => Array
                                (
                                    [type] => string
                                    [name] => billing_phone
                                )

                        )

                    [shipping_address_column_mapping:protected] => Array
                        (
                            [id] => Array
                                (
                                    [type] => int
                                )

                            [order_id] => Array
                                (
                                    [type] => int
                                )

                            [address_type] => Array
                                (
                                    [type] => string
                                )

                            [first_name] => Array
                                (
                                    [type] => string
                                    [name] => shipping_first_name
                                )

                            [last_name] => Array
                                (
                                    [type] => string
                                    [name] => shipping_last_name
                                )

                            [company] => Array
                                (
                                    [type] => string
                                    [name] => shipping_company
                                )

                            [address_1] => Array
                                (
                                    [type] => string
                                    [name] => shipping_address_1
                                )

                            [address_2] => Array
                                (
                                    [type] => string
                                    [name] => shipping_address_2
                                )

                            [city] => Array
                                (
                                    [type] => string
                                    [name] => shipping_city
                                )

                            [state] => Array
                                (
                                    [type] => string
                                    [name] => shipping_state
                                )

                            [postcode] => Array
                                (
                                    [type] => string
                                    [name] => shipping_postcode
                                )

                            [country] => Array
                                (
                                    [type] => string
                                    [name] => shipping_country
                                )

                            [email] => Array
                                (
                                    [type] => string
                                )

                            [phone] => Array
                                (
                                    [type] => string
                                    [name] => shipping_phone
                                )

                        )

                    [operational_data_column_mapping:protected] => Array
                        (
                            [id] => Array
                                (
                                    [type] => int
                                )

                            [order_id] => Array
                                (
                                    [type] => int
                                )

                            [created_via] => Array
                                (
                                    [type] => string
                                    [name] => created_via
                                )

                            [woocommerce_version] => Array
                                (
                                    [type] => string
                                    [name] => version
                                )

                            [prices_include_tax] => Array
                                (
                                    [type] => bool
                                    [name] => prices_include_tax
                                )

                            [coupon_usages_are_counted] => Array
                                (
                                    [type] => bool
                                    [name] => recorded_coupon_usage_counts
                                )

                            [download_permission_granted] => Array
                                (
                                    [type] => bool
                                    [name] => download_permissions_granted
                                )

                            [order_key] => Array
                                (
                                    [type] => string
                                    [name] => order_key
                                )

                            [shipping_tax_amount] => Array
                                (
                                    [type] => decimal
                                    [name] => shipping_tax
                                )

                            [shipping_total_amount] => Array
                                (
                                    [type] => decimal
                                    [name] => shipping_total
                                )

                            [discount_tax_amount] => Array
                                (
                                    [type] => decimal
                                    [name] => discount_tax
                                )

                            [discount_total_amount] => Array
                                (
                                    [type] => decimal
                                    [name] => discount_total
                                )

                        )

                    [all_order_column_mapping:Automattic\WooCommerce\Internal\DataStores\Orders\OrdersTableDataStore:private] => Array
                        (
                            [orders] => Array
                                (
                                    [id] => Array
                                        (
                                            [type] => int
                                            [name] => id
                                        )

                                    [status] => Array
                                        (
                                            [type] => string
                                            [name] => status
                                        )

                                    [type] => Array
                                        (
                                            [type] => string
                                            [name] => type
                                        )

                                    [currency] => Array
                                        (
                                            [type] => string
                                            [name] => currency
                                        )

                                    [tax_amount] => Array
                                        (
                                            [type] => decimal
                                            [name] => cart_tax
                                        )

                                    [total_amount] => Array
                                        (
                                            [type] => decimal
                                            [name] => total
                                        )

                                    [customer_id] => Array
                                        (
                                            [type] => int
                                            [name] => customer_id
                                        )

                                    [billing_email] => Array
                                        (
                                            [type] => string
                                            [name] => billing_email
                                        )

                                    [date_created_gmt] => Array
                                        (
                                            [type] => date
                                            [name] => date_created
                                        )

                                    [date_updated_gmt] => Array
                                        (
                                            [type] => date
                                            [name] => date_modified
                                        )

                                    [parent_order_id] => Array
                                        (
                                            [type] => int
                                            [name] => parent_id
                                        )

                                    [payment_method] => Array
                                        (
                                            [type] => string
                                            [name] => payment_method
                                        )

                                    [payment_method_title] => Array
                                        (
                                            [type] => string
                                            [name] => payment_method_title
                                        )

                                    [ip_address] => Array
                                        (
                                            [type] => string
                                            [name] => customer_ip_address
                                        )

                                    [user_agent] => Array
                                        (
                                            [type] => string
                                            [name] => customer_user_agent
                                        )

                                    [customer_note] => Array
                                        (
                                            [type] => string
                                            [name] => customer_note
                                        )

                                )

                            [billing_address] => Array
                                (
                                    [id] => Array
                                        (
                                            [type] => int
                                        )

                                    [order_id] => Array
                                        (
                                            [type] => int
                                        )

                                    [address_type] => Array
                                        (
                                            [type] => string
                                        )

                                    [first_name] => Array
                                        (
                                            [type] => string
                                            [name] => billing_first_name
                                        )

                                    [last_name] => Array
                                        (
                                            [type] => string
                                            [name] => billing_last_name
                                        )

                                    [company] => Array
                                        (
                                            [type] => string
                                            [name] => billing_company
                                        )

                                    [address_1] => Array
                                        (
                                            [type] => string
                                            [name] => billing_address_1
                                        )

                                    [address_2] => Array
                                        (
                                            [type] => string
                                            [name] => billing_address_2
                                        )

                                    [city] => Array
                                        (
                                            [type] => string
                                            [name] => billing_city
                                        )

                                    [state] => Array
                                        (
                                            [type] => string
                                            [name] => billing_state
                                        )

                                    [postcode] => Array
                                        (
                                            [type] => string
                                            [name] => billing_postcode
                                        )

                                    [country] => Array
                                        (
                                            [type] => string
                                            [name] => billing_country
                                        )

                                    [email] => Array
                                        (
                                            [type] => string
                                            [name] => billing_email
                                        )

                                    [phone] => Array
                                        (
                                            [type] => string
                                            [name] => billing_phone
                                        )

                                )

                            [shipping_address] => Array
                                (
                                    [id] => Array
                                        (
                                            [type] => int
                                        )

                                    [order_id] => Array
                                        (
                                            [type] => int
                                        )

                                    [address_type] => Array
                                        (
                                            [type] => string
                                        )

                                    [first_name] => Array
                                        (
                                            [type] => string
                                            [name] => shipping_first_name
                                        )

                                    [last_name] => Array
                                        (
                                            [type] => string
                                            [name] => shipping_last_name
                                        )

                                    [company] => Array
                                        (
                                            [type] => string
                                            [name] => shipping_company
                                        )

                                    [address_1] => Array
                                        (
                                            [type] => string
                                            [name] => shipping_address_1
                                        )

                                    [address_2] => Array
                                        (
                                            [type] => string
                                            [name] => shipping_address_2
                                        )

                                    [city] => Array
                                        (
                                            [type] => string
                                            [name] => shipping_city
                                        )

                                    [state] => Array
                                        (
                                            [type] => string
                                            [name] => shipping_state
                                        )

                                    [postcode] => Array
                                        (
                                            [type] => string
                                            [name] => shipping_postcode
                                        )

                                    [country] => Array
                                        (
                                            [type] => string
                                            [name] => shipping_country
                                        )

                                    [email] => Array
                                        (
                                            [type] => string
                                        )

                                    [phone] => Array
                                        (
                                            [type] => string
                                            [name] => shipping_phone
                                        )

                                )

                            [operational_data] => Array
                                (
                                    [id] => Array
                                        (
                                            [type] => int
                                        )

                                    [order_id] => Array
                                        (
                                            [type] => int
                                        )

                                    [created_via] => Array
                                        (
                                            [type] => string
                                            [name] => created_via
                                        )

                                    [woocommerce_version] => Array
                                        (
                                            [type] => string
                                            [name] => version
                                        )

                                    [prices_include_tax] => Array
                                        (
                                            [type] => bool
                                            [name] => prices_include_tax
                                        )

                                    [coupon_usages_are_counted] => Array
                                        (
                                            [type] => bool
                                            [name] => recorded_coupon_usage_counts
                                        )

                                    [download_permission_granted] => Array
                                        (
                                            [type] => bool
                                            [name] => download_permissions_granted
                                        )

                                    [order_key] => Array
                                        (
                                            [type] => string
                                            [name] => order_key
                                        )

                                    [shipping_tax_amount] => Array
                                        (
                                            [type] => decimal
                                            [name] => shipping_tax
                                        )

                                    [shipping_total_amount] => Array
                                        (
                                            [type] => decimal
                                            [name] => shipping_total
                                        )

                                    [discount_tax_amount] => Array
                                        (
                                            [type] => decimal
                                            [name] => discount_tax
                                        )

                                    [discount_total_amount] => Array
                                        (
                                            [type] => decimal
                                            [name] => discount_total
                                        )

                                )

                        )

                    [subscription_internal_meta_keys:protected] => Array
                        (
                            [0] => _schedule_trial_end
                            [1] => _schedule_next_payment
                            [2] => _schedule_cancelled
                            [3] => _schedule_end
                            [4] => _schedule_payment_retry
                            [5] => _subscription_switch_data
                            [6] => _schedule_start
                        )

                    [subscription_meta_keys_to_props:protected] => Array
                        (
                            [_billing_period] => billing_period
                            [_billing_interval] => billing_interval
                            [_suspension_count] => suspension_count
                            [_cancelled_email_sent] => cancelled_email_sent
                            [_requires_manual_renewal] => requires_manual_renewal
                            [_trial_period] => trial_period
                            [_schedule_trial_end] => schedule_trial_end
                            [_schedule_next_payment] => schedule_next_payment
                            [_schedule_cancelled] => schedule_cancelled
                            [_schedule_end] => schedule_end
                            [_schedule_payment_retry] => schedule_payment_retry
                            [_schedule_start] => schedule_start
                            [_subscription_switch_data] => switch_data
                        )

                )

            [stores:WC_Data_Store:private] => Array
                (
                    [coupon] => WC_Coupon_Data_Store_CPT
                    [customer] => WC_Customer_Data_Store
                    [customer-download] => WC_Customer_Download_Data_Store
                    [customer-download-log] => WC_Customer_Download_Log_Data_Store
                    [customer-session] => WC_Customer_Data_Store_Session
                    [order] => WC_Order_Data_Store_CPT
                    [order-refund] => WC_Order_Refund_Data_Store_CPT
                    [order-item] => WC_Order_Item_Data_Store
                    [order-item-coupon] => WC_Order_Item_Coupon_Data_Store
                    [order-item-fee] => WC_Order_Item_Fee_Data_Store
                    [order-item-product] => WC_Order_Item_Product_Data_Store
                    [order-item-shipping] => WC_Order_Item_Shipping_Data_Store
                    [order-item-tax] => WC_Order_Item_Tax_Data_Store
                    [payment-token] => WC_Payment_Token_Data_Store
                    [product] => WC_Product_Data_Store_CPT
                    [product-grouped] => WC_Product_Grouped_Data_Store_CPT
                    [product-variable] => WC_Product_Variable_Data_Store_CPT
                    [product-variation] => WC_Product_Variation_Data_Store_CPT
                    [shipping-zone] => WC_Shipping_Zone_Data_Store
                    [webhook] => WC_Webhook_Data_Store
                    [order-item-line_item_removed] => WC_Order_Item_Product_Data_Store
                    [order-item-line_item_switched] => WC_Order_Item_Product_Data_Store
                    [order-item-coupon_pending_switch] => WC_Order_Item_Coupon_Data_Store
                    [order-item-fee_pending_switch] => WC_Order_Item_Fee_Data_Store
                    [subscription] => WCS_Subscription_Data_Store_CPT
                    [product-variable-subscription] => WCS_Product_Variable_Data_Store_CPT
                    [product-subscription_variation] => WC_Product_Variation_Data_Store_CPT
                    [order-item-line_item_pending_switch] => WC_Order_Item_Product_Data_Store
                    [report-revenue-stats] => Automattic\WooCommerce\Admin\API\Reports\Orders\Stats\DataStore
                    [report-orders] => Automattic\WooCommerce\Admin\API\Reports\Orders\DataStore
                    [report-orders-stats] => Automattic\WooCommerce\Admin\API\Reports\Orders\Stats\DataStore
                    [report-products] => Automattic\WooCommerce\Admin\API\Reports\Products\DataStore
                    [report-variations] => Automattic\WooCommerce\Admin\API\Reports\Variations\DataStore
                    [report-products-stats] => Automattic\WooCommerce\Admin\API\Reports\Products\Stats\DataStore
                    [report-variations-stats] => Automattic\WooCommerce\Admin\API\Reports\Variations\Stats\DataStore
                    [report-categories] => Automattic\WooCommerce\Admin\API\Reports\Categories\DataStore
                    [report-taxes] => Automattic\WooCommerce\Admin\API\Reports\Taxes\DataStore
                    [report-taxes-stats] => Automattic\WooCommerce\Admin\API\Reports\Taxes\Stats\DataStore
                    [report-coupons] => Automattic\WooCommerce\Admin\API\Reports\Coupons\DataStore
                    [report-coupons-stats] => Automattic\WooCommerce\Admin\API\Reports\Coupons\Stats\DataStore
                    [report-downloads] => Automattic\WooCommerce\Admin\API\Reports\Downloads\DataStore
                    [report-downloads-stats] => Automattic\WooCommerce\Admin\API\Reports\Downloads\Stats\DataStore
                    [admin-note] => Automattic\WooCommerce\Admin\Notes\DataStore
                    [report-customers] => Automattic\WooCommerce\Admin\API\Reports\Customers\DataStore
                    [report-customers-stats] => Automattic\WooCommerce\Admin\API\Reports\Customers\Stats\DataStore
                    [report-stock-stats] => Automattic\WooCommerce\Admin\API\Reports\Stock\Stats\DataStore
                )

            [current_class_name:WC_Data_Store:private] => WCS_Orders_Table_Subscription_Data_Store
            [object_type:WC_Data_Store:private] => subscription
        )

    [cache_group:protected] => orders
    [meta_data:protected] => Array
        (
            [0] => WC_Meta_Data Object
                (
                    [current_data:protected] => Array
                        (
                            [id] => 1153
                            [key] => _billing_address_index
                            [value] => test user  app tester  Oakland CA 10232 US daniedemola+startbutton@gmail.com 07034354532
                        )

                    [data:protected] => Array
                        (
                            [id] => 1153
                            [key] => _billing_address_index
                            [value] => test user  app tester  Oakland CA 10232 US daniedemola+startbutton@gmail.com 07034354532
                        )

                )

            [1] => WC_Meta_Data Object
                (
                    [current_data:protected] => Array
                        (
                            [id] => 1154
                            [key] => _shipping_address_index
                            [value] => test user  app tester  Oakland CA 10232 US 
                        )

                    [data:protected] => Array
                        (
                            [id] => 1154
                            [key] => _shipping_address_index
                            [value] => test user  app tester  Oakland CA 10232 US 
                        )

                )

            [2] => WC_Meta_Data Object
                (
                    [current_data:protected] => Array
                        (
                            [id] => 1155
                            [key] => _subscription_renewal_order_ids_cache
                            [value] => Array
                                (
                                )

                        )

                    [data:protected] => Array
                        (
                            [id] => 1155
                            [key] => _subscription_renewal_order_ids_cache
                            [value] => Array
                                (
                                )

                        )

                )

            [3] => WC_Meta_Data Object
                (
                    [current_data:protected] => Array
                        (
                            [id] => 1156
                            [key] => _subscription_resubscribe_order_ids_cache
                            [value] => Array
                                (
                                )

                        )

                    [data:protected] => Array
                        (
                            [id] => 1156
                            [key] => _subscription_resubscribe_order_ids_cache
                            [value] => Array
                                (
                                )

                        )

                )

            [4] => WC_Meta_Data Object
                (
                    [current_data:protected] => Array
                        (
                            [id] => 1157
                            [key] => _subscription_switch_order_ids_cache
                            [value] => Array
                                (
                                )

                        )

                    [data:protected] => Array
                        (
                            [id] => 1157
                            [key] => _subscription_switch_order_ids_cache
                            [value] => Array
                                (
                                )

                        )

                )

            [5] => WC_Meta_Data Object
                (
                    [current_data:protected] => Array
                        (
                            [id] => 1158
                            [key] => _wc_order_attribution_device_type
                            [value] => Desktop
                        )

                    [data:protected] => Array
                        (
                            [id] => 1158
                            [key] => _wc_order_attribution_device_type
                            [value] => Desktop
                        )

                )

            [6] => WC_Meta_Data Object
                (
                    [current_data:protected] => Array
                        (
                            [id] => 1159
                            [key] => _wc_order_attribution_referrer
                            [value] => http://code4africa.local/wp-admin/admin.php?page=wc-settings&tab=checkout&section=paystack
                        )

                    [data:protected] => Array
                        (
                            [id] => 1159
                            [key] => _wc_order_attribution_referrer
                            [value] => http://code4africa.local/wp-admin/admin.php?page=wc-settings&tab=checkout&section=paystack
                        )

                )

            [7] => WC_Meta_Data Object
                (
                    [current_data:protected] => Array
                        (
                            [id] => 1160
                            [key] => _wc_order_attribution_session_count
                            [value] => 2
                        )

                    [data:protected] => Array
                        (
                            [id] => 1160
                            [key] => _wc_order_attribution_session_count
                            [value] => 2
                        )

                )

            [8] => WC_Meta_Data Object
                (
                    [current_data:protected] => Array
                        (
                            [id] => 1161
                            [key] => _wc_order_attribution_session_entry
                            [value] => http://code4africa.local/shop/
                        )

                    [data:protected] => Array
                        (
                            [id] => 1161
                            [key] => _wc_order_attribution_session_entry
                            [value] => http://code4africa.local/shop/
                        )

                )

            [9] => WC_Meta_Data Object
                (
                    [current_data:protected] => Array
                        (
                            [id] => 1162
                            [key] => _wc_order_attribution_session_pages
                            [value] => 13
                        )

                    [data:protected] => Array
                        (
                            [id] => 1162
                            [key] => _wc_order_attribution_session_pages
                            [value] => 13
                        )

                )

            [10] => WC_Meta_Data Object
                (
                    [current_data:protected] => Array
                        (
                            [id] => 1163
                            [key] => _wc_order_attribution_session_start_time
                            [value] => 2024-12-11 07:39:27
                        )

                    [data:protected] => Array
                        (
                            [id] => 1163
                            [key] => _wc_order_attribution_session_start_time
                            [value] => 2024-12-11 07:39:27
                        )

                )

            [11] => WC_Meta_Data Object
                (
                    [current_data:protected] => Array
                        (
                            [id] => 1164
                            [key] => _wc_order_attribution_source_type
                            [value] => typein
                        )

                    [data:protected] => Array
                        (
                            [id] => 1164
                            [key] => _wc_order_attribution_source_type
                            [value] => typein
                        )

                )

            [12] => WC_Meta_Data Object
                (
                    [current_data:protected] => Array
                        (
                            [id] => 1165
                            [key] => _wc_order_attribution_user_agent
                            [value] => Mozilla/5.0 (Macintosh; Intel Mac OS X 10_15_7) AppleWebKit/605.1.15 (KHTML, like Gecko) Version/18.1.1 Safari/605.1.15
                        )

                    [data:protected] => Array
                        (
                            [id] => 1165
                            [key] => _wc_order_attribution_user_agent
                            [value] => Mozilla/5.0 (Macintosh; Intel Mac OS X 10_15_7) AppleWebKit/605.1.15 (KHTML, like Gecko) Version/18.1.1 Safari/605.1.15
                        )

                )

            [13] => WC_Meta_Data Object
                (
                    [current_data:protected] => Array
                        (
                            [id] => 1166
                            [key] => _wc_order_attribution_utm_source
                            [value] => (direct)
                        )

                    [data:protected] => Array
                        (
                            [id] => 1166
                            [key] => _wc_order_attribution_utm_source
                            [value] => (direct)
                        )

                )

            [14] => WC_Meta_Data Object
                (
                    [current_data:protected] => Array
                        (
                            [id] => 1167
                            [key] => is_vat_exempt
                            [value] => no
                        )

                    [data:protected] => Array
                        (
                            [id] => 1167
                            [key] => is_vat_exempt
                            [value] => no
                        )

                )

        )

    [legacy_datastore_props:protected] => Array
        (
            [0] => _recorded_sales
            [1] => _recorded_coupon_usage_counts
            [2] => _download_permissions_granted
            [3] => _order_stock_reduced
            [4] => _new_order_email_sent
        )

    [items:protected] => Array
        (
        )

    [items_to_delete:protected] => Array
        (
        )

    [data_store_name:protected] => subscription
    [status_transition:protected] => 
    [refunds] => 
    [order:protected] => 
    [order_type] => shop_subscription
    [cached_payment_count:WC_Subscription:private] => 
    [editable:WC_Subscription:private] => 
    [valid_date_types:protected] => Array
        (
            [0] => start
            [1] => trial_end
            [2] => next_payment
            [3] => last_payment
            [4] => cancelled
            [5] => end
            [6] => date_created
            [7] => date_modified
            [8] => date_paid
            [9] => date_completed
            [10] => last_order_date_created
            [11] => last_order_date_paid
            [12] => last_order_date_completed
            [13] => payment_retry
        )

    [deprecated_properties:WC_Subscription:private] => Array
        (
            [0] => start_date
            [1] => trial_end_date
            [2] => next_payment_date
            [3] => end_date
            [4] => last_payment_date
            [5] => order
            [6] => payment_gateway
            [7] => requires_manual_renewal
            [8] => suspension_count
        )

)

Govps API Response: 1749724585
Govps API Response: 1
Govps API Response: the subscription
{
"id":2071,
"parent_id":2070,
"status":"active",
"currency":"NGN",
"version":"9.3.3",
"prices_include_tax":false,
"date_created":{"date":"2024-12-12 11:39:48.000000","timezone_type":1,"timezone":"+00:00"},
"date_modified":{"date":"2024-12-12 11:40:11.000000","timezone_type":1,"timezone":"+00:00"},
"discount_total":"0",
"discount_tax":"0",
"shipping_total":"0",
"shipping_tax":"0",
"cart_tax":"0",
"total":"30.00",
"total_tax":"0",
"customer_id":1,
"order_key":"wc_order_5pUUTMnbJNyIp",
"billing":{"first_name":"test","last_name":"user","company":"","address_1":"app tester","address_2":"","city":"Oakland","state":"CA","postcode":"10232","country":"US","email":"daniedemola+startbutton@gmail.com","phone":"07034354532"},
"shipping":{"first_name":"test","last_name":"user","company":"","address_1":"app tester","address_2":"","city":"Oakland","state":"CA","postcode":"10232","country":"US","phone":""},
"payment_method":"paystack",
"payment_method_title":"Debit\/Credit Cards",
"transaction_id":"",
"customer_ip_address":"::1",
"customer_user_agent":"Mozilla\/5.0 (Macintosh; Intel Mac OS X 10_15_7) AppleWebKit\/605.1.15 (KHTML, like Gecko) Version\/18.1.1 Safari\/605.1.15",
"created_via":"checkout",
"customer_note":"",
"date_completed":null,
"date_paid":null,
"cart_hash":"",
"order_stock_reduced":false,
"download_permissions_granted":true,
"new_order_email_sent":false,
"recorded_sales":false,
"recorded_coupon_usage_counts":false,
"billing_period":"month",
"billing_interval":"1",
"suspension_count":0,
"requires_manual_renewal":false,
"cancelled_email_sent":"",
"trial_period":"",
"schedule_trial_end":null,
"schedule_next_payment":{"date":"2025-01-12 11:39:48.000000","timezone_type":1,"timezone":"+00:00"},
"schedule_cancelled":null,
"schedule_end":{"date":"2025-03-12 11:39:48.000000","timezone_type":1,"timezone":"+00:00"},
"schedule_payment_retry":null,
"schedule_start":{"date":"2024-12-12 11:39:48.000000","timezone_type":1,"timezone":"+00:00"},
"switch_data":[],
"number":"2071",
"meta_data":[
{"id":1363,"key":"_billing_address_index","value":"test user  app tester  Oakland CA 10232 US daniedemola+startbutton@gmail.com 07034354532"},
{"id":1364,"key":"_shipping_address_index","value":"test user  app tester  Oakland CA 10232 US "},
{"id":1365,"key":"_subscription_renewal_order_ids_cache","value":[]},
{"id":1366,"key":"_subscription_resubscribe_order_ids_cache","value":[]},
{"id":1367,"key":"_subscription_switch_order_ids_cache","value":[]},
{"id":1368,"key":"_wc_order_attribution_device_type","value":"Desktop"},
{"id":1369,"key":"_wc_order_attribution_referrer","value":"http:\/\/code4africa.local\/wp-admin\/admin.php?page=wc-settings&tab=checkout&section=paystack"},
{"id":1370,"key":"_wc_order_attribution_session_count","value":"3"},
{"id":1371,"key":"_wc_order_attribution_session_entry","value":"http:\/\/code4africa.local\/shop\/"},
{"id":1372,"key":"_wc_order_attribution_session_pages","value":"33"},
{"id":1373,"key":"_wc_order_attribution_session_start_time","value":"2024-12-11 07:39:27"},
{"id":1374,"key":"_wc_order_attribution_source_type","value":"typein"},
{"id":1375,"key":"_wc_order_attribution_user_agent","value":"Mozilla\/5.0 (Macintosh; Intel Mac OS X 10_15_7) AppleWebKit\/605.1.15 (KHTML, like Gecko) Version\/18.1.1 Safari\/605.1.15"},
{"id":1376,"key":"_wc_order_attribution_utm_source","value":"(direct)"},
{"id":1377,"key":"is_vat_exempt","value":"no"}
],
"line_items":{"145":{"legacy_values":null,"legacy_cart_item_key":null,"legacy_package_key":null}},
"tax_lines":[],"shipping_lines":[],"fee_lines":[],"coupon_lines":[]
}
